
> steponemelman@1.31.2 build
> tsc -b && vite build

vite v6.4.3 building for production...
transforming...
✓ 194 modules transformed.
rendering chunks...
computing gzip size...
dist/index.html                          1.23 kB │ gzip:   0.61 kB
dist/assets/Ajustes-BQ3Opmwx.css         0.43 kB │ gzip:   0.26 kB
dist/assets/NbmePlayer-DjDqH64E.css      2.59 kB │ gzip:   0.78 kB
dist/assets/nbme-pU9Tt13q.css           10.12 kB │ gzip:   2.54 kB
dist/assets/App-nYHucDYa.css            13.29 kB │ gzip:   2.79 kB
dist/assets/index-D7lB8GV1.css         178.01 kB │ gzip:  36.22 kB
dist/assets/PausaDeBloque-C46S8h2h.js    0.41 kB │ gzip:   0.28 kB
dist/assets/meta-LX1GqoJu.js             2.36 kB │ gzip:   1.24 kB
dist/assets/PielEstudio-DkmEmZcr.js      3.05 kB │ gzip:   1.39 kB
dist/assets/RecuperarMeta-CBF_04sl.js    6.83 kB │ gzip:   2.88 kB
dist/assets/SesionCajas-D_s_AwmE.js      8.48 kB │ gzip:   3.35 kB
dist/assets/SesionMixta-D-f5zAdK.js      9.39 kB │ gzip:   3.72 kB
dist/assets/NbmeLibrary-DBBRhdr_.js     14.04 kB │ gzip:   4.49 kB
dist/assets/Ajustes-C9nkhDg0.js         18.91 kB │ gzip:   6.72 kB
dist/assets/Modulos-D3tQ7xn3.js         19.12 kB │ gzip:   6.16 kB
dist/assets/Progreso-BBUmVFGe.js        22.87 kB │ gzip:   7.76 kB
dist/assets/NbmePlayer-pKPxqnpW.js      50.80 kB │ gzip:  16.69 kB
dist/assets/Reproductor-DLoauxjo.js     58.46 kB │ gzip:  17.55 kB
dist/assets/App-Bkifu5Qa.js             70.83 kB │ gzip:  24.83 kB
dist/assets/index-Oka220hh.js          547.00 kB │ gzip: 157.90 kB

(!) Some chunks are larger than 500 kB after minification. Consider:
- Using dynamic import() to code-split the application
- Use build.rollupOptions.output.manualChunks to improve chunking: https://rollupjs.org/configuration-options/#output-manualchunks
- Adjust chunk size limit for this warning via build.chunkSizeWarningLimit.
✓ built in 3.00s
