vite v6.4.3 building for production...
transforming...
✓ 150 modules transformed.
rendering chunks...
computing gzip size...
../../../recuperacion-ia-qa-antes/index.html                          0.43 kB │ gzip:   0.29 kB
../../../recuperacion-ia-qa-antes/assets/Ajustes-BQ3Opmwx.css         0.43 kB │ gzip:   0.26 kB
../../../recuperacion-ia-qa-antes/assets/NbmePlayer-DjDqH64E.css      2.59 kB │ gzip:   0.78 kB
../../../recuperacion-ia-qa-antes/assets/nbme-DgTJILPg.css           10.49 kB │ gzip:   2.60 kB
../../../recuperacion-ia-qa-antes/assets/index-BXaAABPU.css         189.05 kB │ gzip:  37.85 kB
../../../recuperacion-ia-qa-antes/assets/PausaDeBloque-VHB3gVtP.js    0.41 kB │ gzip:   0.28 kB
../../../recuperacion-ia-qa-antes/assets/meta-KxWLv5wn.js             2.35 kB │ gzip:   1.23 kB
../../../recuperacion-ia-qa-antes/assets/PielEstudio-B0YJHKUO.js      3.01 kB │ gzip:   1.37 kB
../../../recuperacion-ia-qa-antes/assets/RecuperarMeta-DqPg-YEq.js    7.19 kB │ gzip:   3.01 kB
../../../recuperacion-ia-qa-antes/assets/SesionCajas-PP8VgHIe.js      8.76 kB │ gzip:   3.44 kB
../../../recuperacion-ia-qa-antes/assets/SesionMixta-tHIVtoD8.js      9.56 kB │ gzip:   3.77 kB
../../../recuperacion-ia-qa-antes/assets/NbmeLibrary-79OYaMPA.js     14.10 kB │ gzip:   4.50 kB
../../../recuperacion-ia-qa-antes/assets/Ajustes-DWVlmuxu.js         18.61 kB │ gzip:   6.62 kB
../../../recuperacion-ia-qa-antes/assets/Modulos-BJxP5CvK.js         19.41 kB │ gzip:   6.28 kB
../../../recuperacion-ia-qa-antes/assets/Progreso-0s4I2wqI.js        22.89 kB │ gzip:   7.76 kB
../../../recuperacion-ia-qa-antes/assets/NbmePlayer-CuMgHBOm.js      52.83 kB │ gzip:  17.29 kB
../../../recuperacion-ia-qa-antes/assets/Reproductor-C0eVOqtV.js     60.21 kB │ gzip:  18.15 kB
../../../recuperacion-ia-qa-antes/assets/index-Bu-Dv-wC.js          371.98 kB │ gzip: 118.30 kB
✓ built in 2.16s
