vite v6.4.3 building for production...
transforming...
✓ 150 modules transformed.
rendering chunks...
computing gzip size...
../../../recuperacion-ia-qa-despues/index.html                          0.43 kB │ gzip:   0.29 kB
../../../recuperacion-ia-qa-despues/assets/Ajustes-BQ3Opmwx.css         0.43 kB │ gzip:   0.26 kB
../../../recuperacion-ia-qa-despues/assets/NbmePlayer-DjDqH64E.css      2.59 kB │ gzip:   0.78 kB
../../../recuperacion-ia-qa-despues/assets/nbme-Bo3lbWNU.css           10.15 kB │ gzip:   2.54 kB
../../../recuperacion-ia-qa-despues/assets/index-DZqSHGsa.css         188.86 kB │ gzip:  37.82 kB
../../../recuperacion-ia-qa-despues/assets/PausaDeBloque-jFUBRjDQ.js    0.41 kB │ gzip:   0.28 kB
../../../recuperacion-ia-qa-despues/assets/meta-CODArjDR.js             2.35 kB │ gzip:   1.23 kB
../../../recuperacion-ia-qa-despues/assets/PielEstudio-CmFNEhBd.js      3.01 kB │ gzip:   1.38 kB
../../../recuperacion-ia-qa-despues/assets/RecuperarMeta-DYWWCw28.js    7.19 kB │ gzip:   3.01 kB
../../../recuperacion-ia-qa-despues/assets/SesionCajas-LtKL3pp_.js      8.76 kB │ gzip:   3.44 kB
../../../recuperacion-ia-qa-despues/assets/SesionMixta-D1waJtJq.js      9.56 kB │ gzip:   3.76 kB
../../../recuperacion-ia-qa-despues/assets/NbmeLibrary-Cu2U52iA.js     14.10 kB │ gzip:   4.50 kB
../../../recuperacion-ia-qa-despues/assets/Ajustes-Cb_n-kRB.js         18.98 kB │ gzip:   6.75 kB
../../../recuperacion-ia-qa-despues/assets/Modulos-B3s5YIn4.js         19.41 kB │ gzip:   6.28 kB
../../../recuperacion-ia-qa-despues/assets/Progreso-4sNc1I6n.js        22.89 kB │ gzip:   7.76 kB
../../../recuperacion-ia-qa-despues/assets/NbmePlayer-DyzBfcrn.js      52.43 kB │ gzip:  17.21 kB
../../../recuperacion-ia-qa-despues/assets/Reproductor-CMukcr0H.js     60.21 kB │ gzip:  18.15 kB
../../../recuperacion-ia-qa-despues/assets/index-XY0GNv0U.js          371.98 kB │ gzip: 118.29 kB
✓ built in 2.03s
